src/api.ts(1,19): error TS2792: Cannot find module 'axios'. Did you mean to set the 'moduleResolution' option to 'nodenext', or to add aliases to the 'paths' option?
src/components/MapContainer.tsx(7,19): error TS2792: Cannot find module 'axios'. Did you mean to set the 'moduleResolution' option to 'nodenext', or to add aliases to the 'paths' option?
src/components/MapContainer.tsx(8,19): error TS2792: Cannot find module 'lucide-react'. Did you mean to set the 'moduleResolution' option to 'nodenext', or to add aliases to the 'paths' option?
src/components/MapContainer.tsx(411,5): error TS2339: Property 'div' does not exist on type 'JSX.IntrinsicElements'.
src/components/MapContainer.tsx(412,7): error TS2339: Property 'div' does not exist on type 'JSX.IntrinsicElements'.
src/components/MapContainer.tsx(416,9): error TS2339: Property 'div' does not exist on type 'JSX.IntrinsicElements'.
src/components/MapContainer.tsx(420,13): error TS2339: Property 'div' does not exist on type 'JSX.IntrinsicElements'.
src/components/MapContainer.tsx(421,15): error TS2339: Property 'div' does not exist on type 'JSX.IntrinsicElements'.
src/components/MapContainer.tsx(422,15): error TS2339: Property 'div' does not exist on type 'JSX.IntrinsicElements'.
src/components/MapContainer.tsx(422,107): error TS2339: Property 'div' does not exist on type 'JSX.IntrinsicElements'.
src/components/MapContainer.tsx(423,13): error TS2339: Property 'div' does not exist on type 'JSX.IntrinsicElements'.
src/components/MapContainer.tsx(424,13): error TS2339: Property 'button' does not exist on type 'JSX.IntrinsicElements'.
src/components/MapContainer.tsx(429,13): error TS2339: Property 'button' does not exist on type 'JSX.IntrinsicElements'.
src/components/MapContainer.tsx(431,16): error TS2339: Property 'div' does not exist on type 'JSX.IntrinsicElements'.
src/components/MapContainer.tsx(432,18): error TS2339: Property 'div' does not exist on type 'JSX.IntrinsicElements'.
src/components/MapContainer.tsx(432,96): error TS2339: Property 'div' does not exist on type 'JSX.IntrinsicElements'.
src/components/MapContainer.tsx(433,16): error TS2339: Property 'div' does not exist on type 'JSX.IntrinsicElements'.
src/components/MapContainer.tsx(437,7): error TS2339: Property 'div' does not exist on type 'JSX.IntrinsicElements'.
src/components/MapContainer.tsx(439,7): error TS2339: Property 'div' does not exist on type 'JSX.IntrinsicElements'.
src/components/MapContainer.tsx(445,5): error TS2339: Property 'div' does not exist on type 'JSX.IntrinsicElements'.
src/store.ts(1,24): error TS2792: Cannot find module 'zustand'. Did you mean to set the 'moduleResolution' option to 'nodenext', or to add aliases to the 'paths' option?
